[2025-05-13T21:57:28.716Z] [INFO] Get profile request for patient ID: 3 {"userRole":"PATIENT"}
[2025-05-13T21:57:28.722Z] [INFO] Successfully retrieved profile for patient ID: 3 
[2025-05-13T21:58:18.455Z] [INFO] Get profile request for patient ID: 3 {"userRole":"PATIENT"}
[2025-05-13T21:58:18.461Z] [INFO] Successfully retrieved profile for patient ID: 3 
[2025-05-13T21:58:18.482Z] [INFO] Profile update request for patient ID: 3 {"userRole":"PATIENT"}
[2025-05-13T21:58:18.488Z] [INFO] Successfully updated profile for patient ID: 3 {"fieldsUpdated":["fullName","age","nicNumber","mobileNumber"]}
[2025-05-13T21:58:18.496Z] [INFO] Profile update request for patient ID: 3 {"userRole":"PATIENT"}
[2025-05-13T21:58:18.500Z] [INFO] Successfully updated profile for patient ID: 3 {"fieldsUpdated":["fullName","age","nicNumber","mobileNumber"]}
[2025-05-13T21:58:53.401Z] [INFO] Email change initiation request for patient ID: 3 {"currentEmail":"ex@g.c","newEmail":"new.email@example.com"}
[2025-05-13T21:58:53.412Z] [INFO] OTP sent successfully for email change {"patientId":3,"newEmail":"new.email@example.com"}
[2025-05-13T22:00:08.930Z] [INFO] Email change verification request for patient ID: 3 {"currentEmail":"ex@g.c","newEmail":"new.email@example.com"}
[2025-05-13T22:00:08.941Z] [INFO] OTP verification successful for email change {"patientId":3,"newEmail":"new.email@example.com"}
[2025-05-13T22:00:08.945Z] [INFO] Patient email updated successfully {"patientId":3,"oldEmail":"ex@g.c","newEmail":"new.email@example.com"}
[2025-05-13T22:00:08.950Z] [INFO] User record email updated successfully {"oldEmail":"ex@g.c","newEmail":"new.email@example.com"}
[2025-05-13T22:00:08.959Z] [INFO] New session created after email change {"userId":1,"patientId":3,"newEmail":"new.email@example.com"}
[2025-05-13T22:00:59.827Z] [INFO] Get profile request for patient ID: 3 {"userRole":"PATIENT"}
[2025-05-13T22:00:59.831Z] [INFO] Successfully retrieved profile for patient ID: 3 
[2025-05-13T22:12:54.520Z] [INFO] Get profile request for patient ID: NaN {"userRole":"PATIENT"}
[2025-05-13T22:12:54.521Z] [WARN] Unauthorized profile access attempt {"userRole":"PATIENT","attemptedPatientId":null}
[2025-05-13T22:12:54.527Z] [INFO] Get profile request for patient ID: NaN {"userRole":"PATIENT"}
[2025-05-13T22:12:54.528Z] [WARN] Unauthorized profile access attempt {"userRole":"PATIENT","attemptedPatientId":null}
[2025-05-13T22:19:39.658Z] [INFO] Get profile request for patient ID: NaN {"userRole":"PATIENT"}
[2025-05-13T22:19:39.659Z] [WARN] Unauthorized profile access attempt {"userRole":"PATIENT","attemptedPatientId":null}
[2025-05-13T22:19:39.663Z] [INFO] Get profile request for patient ID: NaN {"userRole":"PATIENT"}
[2025-05-13T22:19:39.664Z] [WARN] Unauthorized profile access attempt {"userRole":"PATIENT","attemptedPatientId":null}
[2025-05-13T22:22:47.611Z] [INFO] Get profile request for patient ID: NaN {"userRole":"PATIENT"}
[2025-05-13T22:22:47.613Z] [WARN] Unauthorized profile access attempt {"userRole":"PATIENT","attemptedPatientId":null}
[2025-05-13T22:22:47.632Z] [INFO] Get profile request for patient ID: NaN {"userRole":"PATIENT"}
[2025-05-13T22:22:47.635Z] [WARN] Unauthorized profile access attempt {"userRole":"PATIENT","attemptedPatientId":null}
[2025-05-13T22:26:59.040Z] [INFO] Profile update request for patient ID: 4 {"userRole":"PATIENT"}
[2025-05-13T22:26:59.052Z] [INFO] Successfully updated profile for patient ID: 4 {"fieldsUpdated":["fullName","age","nicNumber","mobileNumber"]}
[2025-05-14T05:20:39.834Z] [ERROR] API Error: 
Invalid `prisma.appointment.findUnique()` invocation in
D:\sdp test 1\backend\src\services\appointmentService.js:117:29

  114  * @returns {Promise<Object|null>} Appointment or null if not found
  115  */
  116 async function getAppointmentById(id) {
→ 117   return prisma.appointment.findUnique({
          where: {
        +   id: Int
          },
          include: {
            timeSlot: true
          }
        })

Argument `id` is missing. {"method":"GET","url":"/api/appointments/slots?startDate=2025-05-14&days=5","ip":"::1","userRole":"PATIENT","error":"\nInvalid `prisma.appointment.findUnique()` invocation in\nD:\\sdp test 1\\backend\\src\\services\\appointmentService.js:117:29\n\n  114  * @returns {Promise<Object|null>} Appointment or null if not found\n  115  */\n  116 async function getAppointmentById(id) {\n→ 117   return prisma.appointment.findUnique({\n          where: {\n        +   id: Int\n          },\n          include: {\n            timeSlot: true\n          }\n        })\n\nArgument `id` is missing.","stack":"PrismaClientValidationError: \nInvalid `prisma.appointment.findUnique()` invocation in\nD:\\sdp test 1\\backend\\src\\services\\appointmentService.js:117:29\n\n  114  * @returns {Promise<Object|null>} Appointment or null if not found\n  115  */\n  116 async function getAppointmentById(id) {\n→ 117   return prisma.appointment.findUnique({\n          where: {\n        +   id: Int\n          },\n          include: {\n            timeSlot: true\n          }\n        })\n\nArgument `id` is missing.\n    at An (D:\\sdp test 1\\backend\\node_modules\\@prisma\\client\\runtime\\library.js:29:1363)\n    at zn.handleRequestError (D:\\sdp test 1\\backend\\node_modules\\@prisma\\client\\runtime\\library.js:121:7102)\n    at zn.handleAndLogRequestError (D:\\sdp test 1\\backend\\node_modules\\@prisma\\client\\runtime\\library.js:121:6784)\n    at zn.request (D:\\sdp test 1\\backend\\node_modules\\@prisma\\client\\runtime\\library.js:121:6491)\n    at async l (D:\\sdp test 1\\backend\\node_modules\\@prisma\\client\\runtime\\library.js:130:9778)\n    at async exports.getAppointmentById (D:\\sdp test 1\\backend\\src\\controllers\\appointmentController.js:52:25)"}
[2025-05-14T05:20:39.863Z] [ERROR] API Error: 
Invalid `prisma.appointment.findUnique()` invocation in
D:\sdp test 1\backend\src\services\appointmentService.js:117:29

  114  * @returns {Promise<Object|null>} Appointment or null if not found
  115  */
  116 async function getAppointmentById(id) {
→ 117   return prisma.appointment.findUnique({
          where: {
        +   id: Int
          },
          include: {
            timeSlot: true
          }
        })

Argument `id` is missing. {"method":"GET","url":"/api/appointments/slots?startDate=2025-05-14&days=5","ip":"::1","userRole":"PATIENT","error":"\nInvalid `prisma.appointment.findUnique()` invocation in\nD:\\sdp test 1\\backend\\src\\services\\appointmentService.js:117:29\n\n  114  * @returns {Promise<Object|null>} Appointment or null if not found\n  115  */\n  116 async function getAppointmentById(id) {\n→ 117   return prisma.appointment.findUnique({\n          where: {\n        +   id: Int\n          },\n          include: {\n            timeSlot: true\n          }\n        })\n\nArgument `id` is missing.","stack":"PrismaClientValidationError: \nInvalid `prisma.appointment.findUnique()` invocation in\nD:\\sdp test 1\\backend\\src\\services\\appointmentService.js:117:29\n\n  114  * @returns {Promise<Object|null>} Appointment or null if not found\n  115  */\n  116 async function getAppointmentById(id) {\n→ 117   return prisma.appointment.findUnique({\n          where: {\n        +   id: Int\n          },\n          include: {\n            timeSlot: true\n          }\n        })\n\nArgument `id` is missing.\n    at An (D:\\sdp test 1\\backend\\node_modules\\@prisma\\client\\runtime\\library.js:29:1363)\n    at zn.handleRequestError (D:\\sdp test 1\\backend\\node_modules\\@prisma\\client\\runtime\\library.js:121:7102)\n    at zn.handleAndLogRequestError (D:\\sdp test 1\\backend\\node_modules\\@prisma\\client\\runtime\\library.js:121:6784)\n    at zn.request (D:\\sdp test 1\\backend\\node_modules\\@prisma\\client\\runtime\\library.js:121:6491)\n    at async l (D:\\sdp test 1\\backend\\node_modules\\@prisma\\client\\runtime\\library.js:130:9778)\n    at async exports.getAppointmentById (D:\\sdp test 1\\backend\\src\\controllers\\appointmentController.js:52:25)"}
[2025-05-14T05:20:45.541Z] [INFO] Get profile request for patient ID: NaN {"userRole":"PATIENT"}
[2025-05-14T05:20:45.542Z] [WARN] Unauthorized profile access attempt {"userRole":"PATIENT","attemptedPatientId":null}
[2025-05-14T05:20:45.552Z] [INFO] Get profile request for patient ID: NaN {"userRole":"PATIENT"}
[2025-05-14T05:20:45.555Z] [WARN] Unauthorized profile access attempt {"userRole":"PATIENT","attemptedPatientId":null}
[2025-05-14T05:22:50.037Z] [INFO] Profile update request for patient ID: 4 {"userRole":"PATIENT"}
[2025-05-14T05:22:50.060Z] [INFO] Successfully updated profile for patient ID: 4 {"fieldsUpdated":["fullName","age","nicNumber","mobileNumber"]}
[2025-05-14T05:23:00.941Z] [INFO] Profile update request for patient ID: 4 {"userRole":"PATIENT"}
[2025-05-14T05:23:00.969Z] [INFO] Successfully updated profile for patient ID: 4 {"fieldsUpdated":["fullName","age","nicNumber","mobileNumber"]}
[2025-05-14T05:23:34.619Z] [ERROR] API Error: 
Invalid `prisma.appointment.findUnique()` invocation in
D:\sdp test 1\backend\src\services\appointmentService.js:117:29

  114  * @returns {Promise<Object|null>} Appointment or null if not found
  115  */
  116 async function getAppointmentById(id) {
→ 117   return prisma.appointment.findUnique({
          where: {
        +   id: Int
          },
          include: {
            timeSlot: true
          }
        })

Argument `id` is missing. {"method":"GET","url":"/api/appointments/slots?startDate=2025-05-14&days=5","ip":"::1","userRole":"PATIENT","error":"\nInvalid `prisma.appointment.findUnique()` invocation in\nD:\\sdp test 1\\backend\\src\\services\\appointmentService.js:117:29\n\n  114  * @returns {Promise<Object|null>} Appointment or null if not found\n  115  */\n  116 async function getAppointmentById(id) {\n→ 117   return prisma.appointment.findUnique({\n          where: {\n        +   id: Int\n          },\n          include: {\n            timeSlot: true\n          }\n        })\n\nArgument `id` is missing.","stack":"PrismaClientValidationError: \nInvalid `prisma.appointment.findUnique()` invocation in\nD:\\sdp test 1\\backend\\src\\services\\appointmentService.js:117:29\n\n  114  * @returns {Promise<Object|null>} Appointment or null if not found\n  115  */\n  116 async function getAppointmentById(id) {\n→ 117   return prisma.appointment.findUnique({\n          where: {\n        +   id: Int\n          },\n          include: {\n            timeSlot: true\n          }\n        })\n\nArgument `id` is missing.\n    at An (D:\\sdp test 1\\backend\\node_modules\\@prisma\\client\\runtime\\library.js:29:1363)\n    at zn.handleRequestError (D:\\sdp test 1\\backend\\node_modules\\@prisma\\client\\runtime\\library.js:121:7102)\n    at zn.handleAndLogRequestError (D:\\sdp test 1\\backend\\node_modules\\@prisma\\client\\runtime\\library.js:121:6784)\n    at zn.request (D:\\sdp test 1\\backend\\node_modules\\@prisma\\client\\runtime\\library.js:121:6491)\n    at async l (D:\\sdp test 1\\backend\\node_modules\\@prisma\\client\\runtime\\library.js:130:9778)\n    at async exports.getAppointmentById (D:\\sdp test 1\\backend\\src\\controllers\\appointmentController.js:52:25)"}
[2025-05-14T05:23:34.654Z] [ERROR] API Error: 
Invalid `prisma.appointment.findUnique()` invocation in
D:\sdp test 1\backend\src\services\appointmentService.js:117:29

  114  * @returns {Promise<Object|null>} Appointment or null if not found
  115  */
  116 async function getAppointmentById(id) {
→ 117   return prisma.appointment.findUnique({
          where: {
        +   id: Int
          },
          include: {
            timeSlot: true
          }
        })

Argument `id` is missing. {"method":"GET","url":"/api/appointments/slots?startDate=2025-05-14&days=5","ip":"::1","userRole":"PATIENT","error":"\nInvalid `prisma.appointment.findUnique()` invocation in\nD:\\sdp test 1\\backend\\src\\services\\appointmentService.js:117:29\n\n  114  * @returns {Promise<Object|null>} Appointment or null if not found\n  115  */\n  116 async function getAppointmentById(id) {\n→ 117   return prisma.appointment.findUnique({\n          where: {\n        +   id: Int\n          },\n          include: {\n            timeSlot: true\n          }\n        })\n\nArgument `id` is missing.","stack":"PrismaClientValidationError: \nInvalid `prisma.appointment.findUnique()` invocation in\nD:\\sdp test 1\\backend\\src\\services\\appointmentService.js:117:29\n\n  114  * @returns {Promise<Object|null>} Appointment or null if not found\n  115  */\n  116 async function getAppointmentById(id) {\n→ 117   return prisma.appointment.findUnique({\n          where: {\n        +   id: Int\n          },\n          include: {\n            timeSlot: true\n          }\n        })\n\nArgument `id` is missing.\n    at An (D:\\sdp test 1\\backend\\node_modules\\@prisma\\client\\runtime\\library.js:29:1363)\n    at zn.handleRequestError (D:\\sdp test 1\\backend\\node_modules\\@prisma\\client\\runtime\\library.js:121:7102)\n    at zn.handleAndLogRequestError (D:\\sdp test 1\\backend\\node_modules\\@prisma\\client\\runtime\\library.js:121:6784)\n    at zn.request (D:\\sdp test 1\\backend\\node_modules\\@prisma\\client\\runtime\\library.js:121:6491)\n    at async l (D:\\sdp test 1\\backend\\node_modules\\@prisma\\client\\runtime\\library.js:130:9778)\n    at async exports.getAppointmentById (D:\\sdp test 1\\backend\\src\\controllers\\appointmentController.js:52:25)"}
[2025-05-14T05:23:58.319Z] [INFO] Get profile request for patient ID: NaN {"userRole":"PATIENT"}
[2025-05-14T05:23:58.319Z] [WARN] Unauthorized profile access attempt {"userRole":"PATIENT","attemptedPatientId":null}
[2025-05-14T05:23:58.330Z] [INFO] Get profile request for patient ID: NaN {"userRole":"PATIENT"}
[2025-05-14T05:23:58.331Z] [WARN] Unauthorized profile access attempt {"userRole":"PATIENT","attemptedPatientId":null}
